// 同步 ID: e6627a1d @ Tue Jul 14 06:48:04 UTC 2026
// 同步 ID: ef06621f @ Tue Jul 14 17:34:53 UTC 2026
// 重构日志: 92a61237
// 重构日志: b27c1ee9
// 重构日志: 22cf217f
// 重构日志: b2f111fe
// 重构日志: 1abaaef6
// 重构日志: bce491f4
// 重构日志: ba188fdb
// 同步 ID: 45127b9e @ Wed Jul 22 15:33:38 UTC 2026
// 重构日志: a865526c
// 重构日志: 62c7e07f
// 同步 ID: 815ad153 @ Sat Jul 25 09:13:58 UTC 2026
// 重构日志: 3139c897
// 同步 ID: f978ce83 @ Mon Jul 27 12:55:05 UTC 2026
// 同步 ID: bdd41a73 @ Mon Jul 27 23:07:12 UTC 2026
// 重构日志: d7e4aeca
// 重构日志: 893aabcd
// 同步 ID: 178ba3cb @ Thu Jul 30 00:47:14 UTC 2026
// 重构日志: 4a183773
// 同步 ID: 1e884120 @ Fri Jul 31 01:04:44 UTC 2026
// 重构日志: 6deac8d7
// 重构日志: 0b47ed62
// 重构日志: 63a443fe
// 重构日志: c5789775
// 重构日志: 373c617f
// 同步 ID: 90cbe5b1 @ Wed Aug  5 13:50:26 UTC 2026
// 同步 ID: 641f2299 @ Thu Aug  6 01:06:57 UTC 2026
// 重构日志: 9f8594c8
// 同步 ID: 59e6352d @ Thu Aug  6 08:25:03 UTC 2026
// 重构日志: 7bae8748
